// Jest Snapshot v1, https://goo.gl/fbAQLP

exports[`ExploreViewProjectSet appareance assert that snapshot matches 1`] = `
<div
  style={
    Object {
      "overflow": "hidden",
    }
  }
>
  <div
    className="m-bricks-wall"
  >
    <div
      className="m-bricks-wall-brick animated"
    >
      <div
        className="card"
      >
        <img
          alt="private"
          aria-hidden="true"
          className="icon-visibility"
          height="24"
          src="/images/Lock-01.svg"
          width="24"
        />
        <div
          className="card-container project-card-container"
        >
          <a
            className="project-card-link"
            href="/Some namespace/some-slug"
            onClick={[Function]}
          >
            <p
              className="card-title"
            >
              Sign Language Classifier
            </p>
            <div
              className="project-card-container-autor pb-3 mt-2"
            >
              <p>
                Some namespace
              </p>
            </div>
            <div
              className="card-content"
            >
              <div
                className="project-card-types d-flex"
              />
              <section
                className="m-paragraph card-content-description"
              >
                <p
                  className="m-paragraph-line "
                >
                  Categorical Classification of alphabets in the American Sign Language
                </p>
              </section>
              <div
                className="d-flex t-secondary"
              >
                <div
                  className="mr-3"
                >
                  <i
                    className="fa fa-star"
                  >
                    <span
                      className="label"
                    >
                       0
                    </span>
                  </i>
                </div>
                <div
                  className="mr-3"
                >
                  <i
                    className="fa fa-code-branch"
                  >
                    <span
                      className="label"
                    >
                       0
                    </span>
                  </i>
                </div>
              </div>
            </div>
          </a>
          <div
            className="card-actions project-card-actions"
          >
            <div
              className="avatars-reversed"
            />
          </div>
        </div>
      </div>
    </div>
  </div>
</div>
`;
