// Jest Snapshot v1, https://goo.gl/fbAQLP

exports[`basic behaviour assert that snapshot matches 1`] = `
<div>
  <p>
    <b
      className="t-danger"
    >
      You are going to remove 
      Awesome project Name
      . Removed project CANNOT be restored! Are you ABSOLUTELY sure?
    </b>
  </p>
  <p>
    This action can lead to data loss. To prevent accidental actions we ask your permission to confirm your intention.
    Please type 
    <span
      className="bg-light t-danger"
    >
      Awesome project Name
    </span>
     to proceed or close this modal.
  </p>
  <input
    className="mb-4"
    data-cy="project-name-input"
    onChange={[Function]}
    value=""
  />
  <button
    className="btn btn-danger"
    data-cy="remove-project"
    disabled={true}
    onClick={[Function]}
    type="button"
  >
    Confirm
  </button>
</div>
`;
