// Jest Snapshot v1, https://goo.gl/fbAQLP

exports[`The branches list should be displayed when dropdown button is clicked dropdown of branches appear 1`] = `
<div
  id="repo-features"
>
  <div
    className="m-dropdown  mr-2 mt-3"
  >
    <div
      className="m-dropdown-button"
    >
      <button
        className="btn btn-basic-dark px-2 "
        onClick={[Function]}
        type="button"
      >
        master
        <i
          className="fa fa-chevron-down ml-2 my-auto"
        />
      </button>
    </div>
    <div
      className="m-dropdown-list-container border-rounded  mt-1"
      onClick={[Function]}
    >
      <div
        className="select-branch"
        id="branches-list"
      >
        <div
          style={
            Object {
              "fontSize": "14px",
              "margin": "0 50px",
              "padding": "0 40px",
            }
          }
        >
          <p>
            Switch Branches
          </p>
        </div>
        <hr />
        <div
          className="search-branch"
        >
          <div
            className="branches"
          >
            <ul>
              <li
                className="branch-header"
              >
                Branches
              </li>
              <li>
                <a
                  href="/my-namespace/the-project-name/-/tree/data-instance%2F664e1c60"
                  id="data-instance/664e1c60"
                  onClick={[Function]}
                >
                  <p>
                    data-instance/664e1c60
                  </p>
                </a>
              </li>
              <li>
                <a
                  href="/my-namespace/the-project-name/-/tree/data-instance%2F9ae9c8c0"
                  id="data-instance/9ae9c8c0"
                  onClick={[Function]}
                >
                  <p>
                    data-instance/9ae9c8c0
                  </p>
                </a>
              </li>
              <li>
                <a
                  href="/my-namespace/the-project-name/-/tree/master"
                  id="master"
                  onClick={[Function]}
                >
                  <p>
                    master
                  </p>
                </a>
              </li>
            </ul>
          </div>
        </div>
      </div>
    </div>
  </div>
  <div
    className="mx-2 mt-3 auth-wrapper
      ownership-required
      group-role-required
      
    "
    style={Object {}}
    title="Please login"
  >
    <div
      className="auth-wrapper-cover"
      onClick={[Function]}
    />
    <div
      className="auth-wrapper-wrapped"
    >
      <a
        className="btn btn-dark px-3 mr-2 mt-3"
        href="/my-namespace/the-project-name/-/datasets/new"
        onClick={[Function]}
      >
        Data Ops
      </a>
    </div>
  </div>
  <div
    className="ml-2 mr-auto mt-3 auth-wrapper
      ownership-required
      group-role-required
      
    "
    style={Object {}}
    title="Please login"
  >
    <div
      className="auth-wrapper-cover"
      onClick={[Function]}
    />
    <div
      className="auth-wrapper-wrapped"
    >
      <a
        className="btn btn-dark px-3 mr-auto mt-3"
        href="/my-namespace/the-project-name/-/visualizations/new"
        onClick={[Function]}
      >
        Data Visualization
      </a>
    </div>
  </div>
  <div
    className="ml-auto mt-3 auth-wrapper
      ownership-required
      group-role-required
      
    "
    style={Object {}}
    title="Please login"
  >
    <div
      className="auth-wrapper-cover"
      onClick={[Function]}
    />
    <div
      className="auth-wrapper-wrapped"
    >
      <a
        className="btn btn-outline-dark ml-auto mt-3 px-3"
        href="/my-projects/12395599/master/commits/"
        onClick={[Function]}
      >
        <span
          className="d-none d-lg-block mx-3"
        >
          History
        </span>
        <span
          className="fa fa-history d-lg-none"
        />
      </a>
    </div>
  </div>
</div>
`;
