// Jest Snapshot v1, https://goo.gl/fbAQLP

exports[`The branches list should be displayed when dropdown button is clicked dropdown of branches appear 1`] = `
<div
  id="repo-features"
>
  <div>
    <div
      className="reference"
    >
      <button
        className="white-button"
        id="branch-dropdown"
        onClick={[Function]}
        type="button"
      >
        <span>
          undefined
        </span>
        <img
          alt=""
          id="leftfeature-image"
          src={Object {}}
        />
      </button>
    </div>
    <div
      className="reference"
    >
      <button
        className="white-button"
        onClick={[Function]}
        style={
          Object {
            "position": "relative",
          }
        }
        type="button"
      >
        <img
          alt=""
          id="plus"
          src={Object {}}
        />
        <img
          alt=""
          id="leftfeature-image"
          src={Object {}}
        />
      </button>
    </div>
    <button
      className="blue-button"
      type="button"
    >
      <a
        href="/my-projects/12395599/empty-data-visualization"
        onClick={[Function]}
      >
        <p>
          Data Visualisation
        </p>
      </a>
    </button>
    <button
      className="blue-button"
      type="button"
    >
      <a
        href="/my-projects/12395599/pipe-line"
        onClick={[Function]}
      >
        <p>
          Data Pipeline
        </p>
      </a>
    </button>
  </div>
  <div>
    <button
      className="white-button"
      type="button"
    >
      <a
        href="/my-projects/12395599/undefined/commits/undefined"
        onClick={[Function]}
      >
        History
      </a>
    </button>
  </div>
</div>
`;
