// Jest Snapshot v1, https://goo.gl/fbAQLP

exports[`The branches list should be displayed when dropdown button is clicked dropdown of branches appear 1`] = `
<div
  id="repo-features"
>
  <div
    className="m-dropdown  m-branch-selector mr-2 mt-3"
  >
    <div
      className="m-dropdown-button"
    >
      <button
        className="btn btn-basic-dark px-2 "
        label="toggle"
        onClick={[Function]}
        type="button"
      >
        master
        <i
          className="fa fa-chevron-down ml-2 my-auto"
        />
      </button>
    </div>
    <div
      className="m-dropdown-list-container border-rounded  mt-1"
      onClick={[Function]}
      onKeyDown={[Function]}
      role="button"
      tabIndex="0"
    >
      <div
        className="select-branch"
      >
        <div
          className="switch-header"
        >
          <p>
            Switch Branches
          </p>
        </div>
        <hr />
        <div
          className="search-branch"
        >
          <div
            className="branches"
          >
            <ul>
              <p
                className="branch-header"
              >
                Branches
              </p>
              <li
                className="pl-3"
                onClick={[Function]}
                onKeyDown={[Function]}
                role="button"
                tabIndex="0"
                value="data-instance/happy-whale"
              >
                data-instance/happy-whale
              </li>
              <li
                className="pl-3"
                onClick={[Function]}
                onKeyDown={[Function]}
                role="button"
                tabIndex="0"
                value="data-instance/lazy-shark"
              >
                data-instance/lazy-shark
              </li>
              <li
                className="pl-3"
                onClick={[Function]}
                onKeyDown={[Function]}
                role="button"
                tabIndex="0"
                value="master"
              >
                master
              </li>
              <li
                className="pl-3"
                onClick={[Function]}
                onKeyDown={[Function]}
                role="button"
                tabIndex="0"
                value="data-visualisation/flubby-seahorse"
              >
                data-visualisation/flubby-seahorse
              </li>
            </ul>
          </div>
        </div>
        <hr />
        <div
          className="search-branch"
        />
        <div
          className="search-branch"
        />
        <div
          className="search-branch"
        />
      </div>
    </div>
  </div>
  <div
    className="m-dropdown  mr-2 mt-3"
  >
    <div
      className="m-dropdown-button"
    >
      <button
        className="btn btn-basic-dark px-2 "
        label="toggle"
        onClick={[Function]}
        type="button"
      >
        <i
          className="fa fa-plus"
        />
        <i
          className="fa fa-chevron-down ml-2 my-auto"
        />
      </button>
    </div>
    <div
      className="m-dropdown-list-container border-rounded  mt-1"
      onClick={[Function]}
      onKeyDown={[Function]}
      role="button"
      tabIndex="0"
    >
      <div
        className="plus-dropdown"
      >
        <ul
          className="plus-list"
        >
          <li>
            This directory
          </li>
          <li
            className="plus-option"
          >
            <a
              href="/my-namespace/the-project-name/master/upload-file/path/src"
              onClick={[Function]}
            >
              Upload File
            </a>
          </li>
          <li
            className="plus-option"
          >
            <button
              className="btn btn-hidden"
              onClick={[Function]}
              style={
                Object {
                  "fontSize": "1rem",
                }
              }
              type="button"
            >
              New directory
            </button>
          </li>
          <hr />
          <li>
            This repository
          </li>
          <li
            className="plus-option"
          >
            <a
              href="/my-namespace/the-project-name/-/branches/new"
              onClick={[Function]}
            >
              New branch
            </a>
          </li>
        </ul>
      </div>
    </div>
  </div>
  <a
    className="btn btn-dark px-3 mr-2 mt-3"
    href="/my-namespace/the-project-name/-/datasets/new"
    onClick={[Function]}
  >
    Data Ops
  </a>
  <a
    className="btn btn-dark px-3 mr-auto mt-3"
    href="/my-namespace/the-project-name/-/visualizations/new"
    onClick={[Function]}
  >
    Data Visualization
  </a>
  <a
    className="btn btn-outline-dark ml-auto mt-3 px-3"
    href="/my-namespace/the-project-name/-/commits/file/master/-/src"
    onClick={[Function]}
  >
    <span
      className="d-none d-lg-block mx-3"
    >
      History
    </span>
    <span
      className="fa fa-history d-lg-none"
    />
  </a>
</div>
`;
