// Jest Snapshot v1, https://goo.gl/fbAQLP

exports[`presence of basic user elements assert that snapshot matches 1`] = `
<div
  className="reset-password"
>
  <div
    className="reset-password_container"
  >
    <div
      className="reset-password_brand"
    >
      <img
        alt=""
        className="brand"
        src={
          Object {
            "canInstrument": true,
            "createTransformer": [Function],
            "getCacheKey": [Function],
            "process": [Function],
          }
        }
      />
    </div>
    <form
      className="reset-view_form"
    >
      <div
        className="reset-view_form_header"
      >
        Reset password for MLReef
      </div>
      <div
        className="reset-view_form_content"
      >
        <div
          className="cols-2"
        >
          <div
            className="m-input "
          >
            <div
              className="m-input_container"
            >
              <label
                htmlFor="email"
              >
                Enter your email address
              </label>
              <input
                className="m-input_input "
                id="email"
                onBlur={[Function]}
                onChange={[Function]}
                placeholder={null}
                readOnly={false}
                type="text"
                value=""
              />
              <div
                className="m-input_errors"
              />
            </div>
          </div>
        </div>
      </div>
      <div
        className="reset-view_submit"
      >
        <button
          className="btn btn-primary"
          disabled={false}
          onClick={[Function]}
          type="submit"
        >
          Send password reset email
        </button>
      </div>
    </form>
    <footer
      className="reset-view_form_footer"
    >
      New to MLReef? 
      <a
        className="btn-link"
        href="/register"
      >
        <b>
          Create an account
        </b>
      </a>
    </footer>
  </div>
</div>
`;
